> Task :compileJava
> Task :processResources UP-TO-DATE
> Task :classes
> Task :resolveMainClassName

> Task :bootRun

  .   ____          _            __ _ _
 /\\ / ___'_ __ _ _(_)_ __  __ _ \ \ \ \
( ( )\___ | '_ | '_| | '_ \/ _` | \ \ \ \
 \\/  ___)| |_)| | | | | || (_| |  ) ) ) )
  '  |____| .__|_| |_|_| |_\__, | / / / /
 =========|_|==============|___/=/_/_/_/

 :: Spring Boot ::                (v4.0.6)

2026-06-01T00:46:16.391+09:00  INFO 29428 --- [teachers-drawer] [           main] c.t.backend.BackendApplication           : Starting BackendApplication using Java 21.0.11 with PID 29428 (C:\Users\jhsun\git\teachersDrawer\backend\build\classes\java\main started by jhsun in C:\Users\jhsun\git\teachersDrawer\backend)
2026-06-01T00:46:16.394+09:00  INFO 29428 --- [teachers-drawer] [           main] c.t.backend.BackendApplication           : No active profile set, falling back to 1 default profile: "default"
2026-06-01T00:46:17.150+09:00  INFO 29428 --- [teachers-drawer] [           main] .s.d.r.c.RepositoryConfigurationDelegate : Bootstrapping Spring Data JPA repositories in DEFAULT mode.
2026-06-01T00:46:17.292+09:00  INFO 29428 --- [teachers-drawer] [           main] .s.d.r.c.RepositoryConfigurationDelegate : Finished Spring Data repository scanning in 132 ms. Found 8 JPA repository interfaces.
2026-06-01T00:46:17.918+09:00  INFO 29428 --- [teachers-drawer] [           main] o.s.boot.tomcat.TomcatWebServer          : Tomcat initialized with port 8080 (http)
2026-06-01T00:46:17.935+09:00  INFO 29428 --- [teachers-drawer] [           main] o.apache.catalina.core.StandardService   : Starting service [Tomcat]
2026-06-01T00:46:17.936+09:00  INFO 29428 --- [teachers-drawer] [           main] o.apache.catalina.core.StandardEngine    : Starting Servlet engine: [Apache Tomcat/11.0.21]
2026-06-01T00:46:18.018+09:00  INFO 29428 --- [teachers-drawer] [           main] b.w.c.s.WebApplicationContextInitializer : Root WebApplicationContext: initialization completed in 1571 ms
2026-06-01T00:46:18.164+09:00  INFO 29428 --- [teachers-drawer] [           main] org.hibernate.orm.jpa                    : HHH008540: Processing PersistenceUnitInfo [name: default]
2026-06-01T00:46:18.234+09:00  INFO 29428 --- [teachers-drawer] [           main] org.hibernate.orm.core                   : HHH000001: Hibernate ORM core version 7.2.12.Final
2026-06-01T00:46:18.817+09:00  INFO 29428 --- [teachers-drawer] [           main] o.s.o.j.p.SpringPersistenceUnitInfo      : No LoadTimeWeaver setup: ignoring JPA class transformer
2026-06-01T00:46:18.860+09:00  INFO 29428 --- [teachers-drawer] [           main] com.zaxxer.hikari.HikariDataSource       : HikariPool-1 - Starting...
2026-06-01T00:46:19.017+09:00  INFO 29428 --- [teachers-drawer] [           main] com.zaxxer.hikari.pool.HikariPool        : HikariPool-1 - Added connection org.postgresql.jdbc.PgConnection@4bb9f7d4
2026-06-01T00:46:19.019+09:00  INFO 29428 --- [teachers-drawer] [           main] com.zaxxer.hikari.HikariDataSource       : HikariPool-1 - Start completed.
2026-06-01T00:46:19.053+09:00  WARN 29428 --- [teachers-drawer] [           main] org.hibernate.orm.deprecation            : HHH90000025: PostgreSQLDialect does not need to be specified explicitly using 'hibernate.dialect' (remove the property setting and it will be selected by default)
2026-06-01T00:46:19.080+09:00  INFO 29428 --- [teachers-drawer] [           main] org.hibernate.orm.connections.pooling    : HHH10001005: Database info:
	Database JDBC URL [jdbc:postgresql://localhost:5432/teachers_drawer]
	Database driver: PostgreSQL JDBC Driver
	Database dialect: PostgreSQLDialect
	Database version: 16.14
	Default catalog/schema: teachers_drawer/public
	Autocommit mode: undefined/unknown
	Isolation level: READ_COMMITTED [default READ_COMMITTED]
	JDBC fetch size: none
	Pool: DataSourceConnectionProvider
	Minimum pool size: undefined/unknown
	Maximum pool size: undefined/unknown
2026-06-01T00:46:20.418+09:00  INFO 29428 --- [teachers-drawer] [           main] org.hibernate.orm.core                   : HHH000489: No JTA platform available (set 'hibernate.transaction.jta.platform' to enable JTA platform integration)
Hibernate: 
    set client_min_messages = WARNING
Hibernate: 
    alter table if exists activity_plans 
       drop constraint if exists FKcw1ow5rmrmc7altg2aenpt57i
Hibernate: 
    alter table if exists activity_plans 
       drop constraint if exists FK5pg2n93bh3jp95q3gq9fwukn8
Hibernate: 
    alter table if exists activity_sections 
       drop constraint if exists FKtbx4k608p73etqx64aib7e2dj
Hibernate: 
    alter table if exists children 
       drop constraint if exists FK6jxlkcfyym16emflaq0ak70pd
Hibernate: 
    alter table if exists classrooms 
       drop constraint if exists FK22ujdlhyov0tlvwgb2xid0lim
Hibernate: 
    alter table if exists enrollments 
       drop constraint if exists FKg15nvbj7yqmbov9jaqutlipd4
Hibernate: 
    alter table if exists enrollments 
       drop constraint if exists FK5me5sdtbcnxj8bb5jxw72df44
Hibernate: 
    alter table if exists montessori_records 
       drop constraint if exists FKbsumnigfad3t1ewyg7nw0itgp
Hibernate: 
    alter table if exists montessori_records 
       drop constraint if exists FKo3tw55f7n6kp1hkmgolftjolj
Hibernate: 
    drop table if exists activity_plans cascade
Hibernate: 
    drop table if exists activity_sections cascade
Hibernate: 
    drop table if exists children cascade
Hibernate: 
    drop table if exists classrooms cascade
Hibernate: 
    drop table if exists enrollments cascade
Hibernate: 
    drop table if exists montessori_records cascade
Hibernate: 
    drop table if exists refresh_token cascade
Hibernate: 
    drop table if exists users cascade
Hibernate: 
    create table activity_plans (
        class_day_count integer,
        plan_date date not null,
        classroom_id bigint,
        created_at timestamp(6),
        id bigint generated by default as identity,
        updated_at timestamp(6),
        user_id bigint not null,
        class_name_raw varchar(255),
        class_time_raw varchar(255),
        file_key varchar(255),
        file_name varchar(255),
        raw_json TEXT,
        subject varchar(255),
        teacher_name varchar(255),
        primary key (id)
    )
Hibernate: 
    create table activity_sections (
        order_index integer,
        activity_plan_id bigint not null,
        id bigint generated by default as identity,
        category varchar(255) check ((category in ('MORNING','SAFETY','LUNCH','OUTDOOR','EVALUATION','OTHER'))),
        content TEXT,
        label varchar(255),
        primary key (id)
    )
Hibernate: 
    create table children (
        birth_date date,
        created_at timestamp(6),
        id bigint generated by default as identity,
        updated_at timestamp(6),
        user_id bigint not null,
        memo varchar(1000),
        gender varchar(255),
        name varchar(255) not null,
        status varchar(255) not null,
        primary key (id)
    )
Hibernate: 
    create table classrooms (
        year integer not null,
        created_at timestamp(6),
        id bigint generated by default as identity,
        updated_at timestamp(6),
        user_id bigint not null,
        name varchar(255) not null,
        status varchar(255) not null,
        primary key (id)
    )
Hibernate: 
    create table enrollments (
        year integer not null,
        child_id bigint not null,
        classroom_id bigint not null,
        created_at timestamp(6),
        id bigint generated by default as identity,
        primary key (id)
    )
Hibernate: 
    create table montessori_records (
        activity_plan_id bigint not null,
        child_id bigint,
        id bigint generated by default as identity,
        area varchar(255),
        child_name_raw varchar(255),
        confirmed varchar(255),
        material varchar(255),
        primary key (id)
    )
Hibernate: 
    create table refresh_token (
        created_at timestamp(6),
        expires_at timestamp(6) not null,
        id bigint generated by default as identity,
        email varchar(255) not null unique,
        token varchar(255) not null,
        primary key (id)
    )
Hibernate: 
    create table users (
        created_at timestamp(6),
        id bigint generated by default as identity,
        updated_at timestamp(6),
        email varchar(255) not null unique,
        name varchar(255) not null,
        password varchar(255) not null,
        school_code varchar(255),
        school_name varchar(255),
        school_type varchar(255),
        primary key (id)
    )
Hibernate: 
    alter table if exists activity_plans 
       add constraint FKcw1ow5rmrmc7altg2aenpt57i 
       foreign key (classroom_id) 
       references classrooms
Hibernate: 
    alter table if exists activity_plans 
       add constraint FK5pg2n93bh3jp95q3gq9fwukn8 
       foreign key (user_id) 
       references users
Hibernate: 
    alter table if exists activity_sections 
       add constraint FKtbx4k608p73etqx64aib7e2dj 
       foreign key (activity_plan_id) 
       references activity_plans
Hibernate: 
    alter table if exists children 
       add constraint FK6jxlkcfyym16emflaq0ak70pd 
       foreign key (user_id) 
       references users
Hibernate: 
    alter table if exists classrooms 
       add constraint FK22ujdlhyov0tlvwgb2xid0lim 
       foreign key (user_id) 
       references users
Hibernate: 
    alter table if exists enrollments 
       add constraint FKg15nvbj7yqmbov9jaqutlipd4 
       foreign key (child_id) 
       references children
Hibernate: 
    alter table if exists enrollments 
       add constraint FK5me5sdtbcnxj8bb5jxw72df44 
       foreign key (classroom_id) 
       references classrooms
Hibernate: 
    alter table if exists montessori_records 
       add constraint FKbsumnigfad3t1ewyg7nw0itgp 
       foreign key (activity_plan_id) 
       references activity_plans
Hibernate: 
    alter table if exists montessori_records 
       add constraint FKo3tw55f7n6kp1hkmgolftjolj 
       foreign key (child_id) 
       references children
2026-06-01T00:46:20.661+09:00  INFO 29428 --- [teachers-drawer] [           main] j.LocalContainerEntityManagerFactoryBean : Initialized JPA EntityManagerFactory for persistence unit 'default'
2026-06-01T00:46:20.721+09:00  INFO 29428 --- [teachers-drawer] [           main] o.s.d.j.r.query.QueryEnhancerFactories   : Hibernate is in classpath; If applicable, HQL parser will be used.
2026-06-01T00:46:21.464+09:00  INFO 29428 --- [teachers-drawer] [           main] c.t.b.domain.school.service.RegionData   : 吏??肄붾뱶 濡쒕뵫 ?꾨즺: 17媛??쒕룄
2026-06-01T00:46:21.592+09:00  INFO 29428 --- [teachers-drawer] [           main] r$InitializeUserDetailsManagerConfigurer : Global AuthenticationManager configured with UserDetailsService bean with name customUserDetailService
2026-06-01T00:46:22.013+09:00  INFO 29428 --- [teachers-drawer] [           main] o.s.boot.tomcat.TomcatWebServer          : Tomcat started on port 8080 (http) with context path '/'
2026-06-01T00:46:22.017+09:00  INFO 29428 --- [teachers-drawer] [           main] c.t.backend.BackendApplication           : Started BackendApplication in 6.107 seconds (process running for 6.57)
2026-06-01T00:46:22.171+09:00  INFO 29428 --- [teachers-drawer] [           main] c.t.b.global.config.DataInitializer      : MinIO 踰꾪궥 ?대? 議댁옱: teachers-drawer
Hibernate: 
    select
        u1_0.id 
    from
        users u1_0 
    where
        u1_0.email=? 
    fetch
        first ? rows only
Hibernate: 
    insert 
    into
        users
        (created_at, email, name, password, school_code, school_name, school_type, updated_at) 
    values
        (?, ?, ?, ?, ?, ?, ?, ?)
2026-06-01T00:46:22.801+09:00  INFO 29428 --- [teachers-drawer] [           main] c.t.b.global.config.DataInitializer      : ?뚯뒪???좎? ?앹꽦 : test@test.com / test1234
2026-06-01T00:48:15.798+09:00  INFO 29428 --- [teachers-drawer] [nio-8080-exec-1] o.a.c.c.C.[Tomcat].[localhost].[/]       : Initializing Spring DispatcherServlet 'dispatcherServlet'
2026-06-01T00:48:15.798+09:00  INFO 29428 --- [teachers-drawer] [nio-8080-exec-1] o.s.web.servlet.DispatcherServlet        : Initializing Servlet 'dispatcherServlet'
2026-06-01T00:48:15.799+09:00  INFO 29428 --- [teachers-drawer] [nio-8080-exec-1] o.s.web.servlet.DispatcherServlet        : Completed initialization in 1 ms
Hibernate: 
    select
        u1_0.id,
        u1_0.created_at,
        u1_0.email,
        u1_0.name,
        u1_0.password,
        u1_0.school_code,
        u1_0.school_name,
        u1_0.school_type,
        u1_0.updated_at 
    from
        users u1_0 
    where
        u1_0.email=?
Hibernate: 
    select
        rt1_0.id,
        rt1_0.created_at,
        rt1_0.email,
        rt1_0.expires_at,
        rt1_0.token 
    from
        refresh_token rt1_0 
    where
        rt1_0.email=?
Hibernate: 
    insert 
    into
        refresh_token
        (created_at, email, expires_at, token) 
    values
        (?, ?, ?, ?)
2026-06-01T00:48:16.127+09:00  INFO 29428 --- [teachers-drawer] [nio-8080-exec-1] c.t.b.domain.auth.service.AuthService    : 濡쒓렇???깃났: test@test.com
Hibernate: 
    select
        u1_0.id,
        u1_0.created_at,
        u1_0.email,
        u1_0.name,
        u1_0.password,
        u1_0.school_code,
        u1_0.school_name,
        u1_0.school_type,
        u1_0.updated_at 
    from
        users u1_0 
    where
        u1_0.email=?
Hibernate: 
    select
        u1_0.id,
        u1_0.created_at,
        u1_0.email,
        u1_0.name,
        u1_0.password,
        u1_0.school_code,
        u1_0.school_name,
        u1_0.school_type,
        u1_0.updated_at 
    from
        users u1_0 
    where
        u1_0.id=?
Hibernate: 
    insert 
    into
        classrooms
        (created_at, name, status, updated_at, user_id, year) 
    values
        (?, ?, ?, ?, ?, ?)
Hibernate: 
    select
        u1_0.id,
        u1_0.created_at,
        u1_0.email,
        u1_0.name,
        u1_0.password,
        u1_0.school_code,
        u1_0.school_name,
        u1_0.school_type,
        u1_0.updated_at 
    from
        users u1_0 
    where
        u1_0.email=?
Hibernate: 
    select
        u1_0.id,
        u1_0.created_at,
        u1_0.email,
        u1_0.name,
        u1_0.password,
        u1_0.school_code,
        u1_0.school_name,
        u1_0.school_type,
        u1_0.updated_at 
    from
        users u1_0 
    where
        u1_0.id=?
Hibernate: 
    insert 
    into
        children
        (birth_date, created_at, gender, memo, name, status, updated_at, user_id) 
    values
        (?, ?, ?, ?, ?, ?, ?, ?)
Hibernate: 
    select
        u1_0.id,
        u1_0.created_at,
        u1_0.email,
        u1_0.name,
        u1_0.password,
        u1_0.school_code,
        u1_0.school_name,
        u1_0.school_type,
        u1_0.updated_at 
    from
        users u1_0 
    where
        u1_0.email=?
Hibernate: 
    select
        u1_0.id,
        u1_0.created_at,
        u1_0.email,
        u1_0.name,
        u1_0.password,
        u1_0.school_code,
        u1_0.school_name,
        u1_0.school_type,
        u1_0.updated_at 
    from
        users u1_0 
    where
        u1_0.id=?
Hibernate: 
    insert 
    into
        children
        (birth_date, created_at, gender, memo, name, status, updated_at, user_id) 
    values
        (?, ?, ?, ?, ?, ?, ?, ?)
Hibernate: 
    select
        u1_0.id,
        u1_0.created_at,
        u1_0.email,
        u1_0.name,
        u1_0.password,
        u1_0.school_code,
        u1_0.school_name,
        u1_0.school_type,
        u1_0.updated_at 
    from
        users u1_0 
    where
        u1_0.email=?
Hibernate: 
    select
        u1_0.id,
        u1_0.created_at,
        u1_0.email,
        u1_0.name,
        u1_0.password,
        u1_0.school_code,
        u1_0.school_name,
        u1_0.school_type,
        u1_0.updated_at 
    from
        users u1_0 
    where
        u1_0.id=?
Hibernate: 
    insert 
    into
        children
        (birth_date, created_at, gender, memo, name, status, updated_at, user_id) 
    values
        (?, ?, ?, ?, ?, ?, ?, ?)
Hibernate: 
    select
        u1_0.id,
        u1_0.created_at,
        u1_0.email,
        u1_0.name,
        u1_0.password,
        u1_0.school_code,
        u1_0.school_name,
        u1_0.school_type,
        u1_0.updated_at 
    from
        users u1_0 
    where
        u1_0.email=?
Hibernate: 
    select
        c1_0.id,
        c1_0.created_at,
        c1_0.name,
        c1_0.status,
        c1_0.updated_at,
        c1_0.user_id,
        c1_0.year 
    from
        classrooms c1_0 
    where
        c1_0.id=?
Hibernate: 
    select
        u1_0.id,
        u1_0.created_at,
        u1_0.email,
        u1_0.name,
        u1_0.password,
        u1_0.school_code,
        u1_0.school_name,
        u1_0.school_type,
        u1_0.updated_at 
    from
        users u1_0 
    where
        u1_0.id=?
Hibernate: 
    insert 
    into
        activity_plans
        (class_day_count, class_name_raw, class_time_raw, classroom_id, created_at, file_key, file_name, plan_date, raw_json, subject, teacher_name, updated_at, user_id) 
    values
        (?, ?, ?, ?, ?, ?, ?, ?, ?, ?, ?, ?, ?)
Hibernate: 
    insert 
    into
        activity_sections
        (activity_plan_id, category, content, label, order_index) 
    values
        (?, ?, ?, ?, ?)
Hibernate: 
    insert 
    into
        activity_sections
        (activity_plan_id, category, content, label, order_index) 
    values
        (?, ?, ?, ?, ?)
Hibernate: 
    insert 
    into
        activity_sections
        (activity_plan_id, category, content, label, order_index) 
    values
        (?, ?, ?, ?, ?)
Hibernate: 
    insert 
    into
        activity_sections
        (activity_plan_id, category, content, label, order_index) 
    values
        (?, ?, ?, ?, ?)
Hibernate: 
    insert 
    into
        activity_sections
        (activity_plan_id, category, content, label, order_index) 
    values
        (?, ?, ?, ?, ?)
Hibernate: 
    insert 
    into
        activity_sections
        (activity_plan_id, category, content, label, order_index) 
    values
        (?, ?, ?, ?, ?)
Hibernate: 
    insert 
    into
        activity_sections
        (activity_plan_id, category, content, label, order_index) 
    values
        (?, ?, ?, ?, ?)
Hibernate: 
    insert 
    into
        activity_sections
        (activity_plan_id, category, content, label, order_index) 
    values
        (?, ?, ?, ?, ?)
Hibernate: 
    insert 
    into
        activity_sections
        (activity_plan_id, category, content, label, order_index) 
    values
        (?, ?, ?, ?, ?)
Hibernate: 
    insert 
    into
        activity_sections
        (activity_plan_id, category, content, label, order_index) 
    values
        (?, ?, ?, ?, ?)
Hibernate: 
    insert 
    into
        activity_sections
        (activity_plan_id, category, content, label, order_index) 
    values
        (?, ?, ?, ?, ?)
Hibernate: 
    select
        c1_0.id,
        c1_0.birth_date,
        c1_0.created_at,
        c1_0.gender,
        c1_0.memo,
        c1_0.name,
        c1_0.status,
        c1_0.updated_at,
        c1_0.user_id 
    from
        children c1_0 
    where
        c1_0.user_id=? 
        and c1_0.name=? 
    fetch
        first ? rows only
Hibernate: 
    select
        c1_0.id,
        c1_0.birth_date,
        c1_0.created_at,
        c1_0.gender,
        c1_0.memo,
        c1_0.name,
        c1_0.status,
        c1_0.updated_at,
        c1_0.user_id 
    from
        children c1_0 
    where
        c1_0.user_id=? 
        and c1_0.name=? 
    fetch
        first ? rows only
Hibernate: 
    select
        c1_0.id,
        c1_0.birth_date,
        c1_0.created_at,
        c1_0.gender,
        c1_0.memo,
        c1_0.name,
        c1_0.status,
        c1_0.updated_at,
        c1_0.user_id 
    from
        children c1_0 
    where
        c1_0.user_id=? 
        and c1_0.name=? 
    fetch
        first ? rows only
Hibernate: 
    select
        c1_0.id,
        c1_0.birth_date,
        c1_0.created_at,
        c1_0.gender,
        c1_0.memo,
        c1_0.name,
        c1_0.status,
        c1_0.updated_at,
        c1_0.user_id 
    from
        children c1_0 
    where
        c1_0.user_id=? 
        and c1_0.name=? 
    fetch
        first ? rows only
Hibernate: 
    select
        c1_0.id,
        c1_0.birth_date,
        c1_0.created_at,
        c1_0.gender,
        c1_0.memo,
        c1_0.name,
        c1_0.status,
        c1_0.updated_at,
        c1_0.user_id 
    from
        children c1_0 
    where
        c1_0.user_id=? 
        and c1_0.name=? 
    fetch
        first ? rows only
Hibernate: 
    select
        c1_0.id,
        c1_0.birth_date,
        c1_0.created_at,
        c1_0.gender,
        c1_0.memo,
        c1_0.name,
        c1_0.status,
        c1_0.updated_at,
        c1_0.user_id 
    from
        children c1_0 
    where
        c1_0.user_id=? 
        and c1_0.name=? 
    fetch
        first ? rows only
Hibernate: 
    select
        c1_0.id,
        c1_0.birth_date,
        c1_0.created_at,
        c1_0.gender,
        c1_0.memo,
        c1_0.name,
        c1_0.status,
        c1_0.updated_at,
        c1_0.user_id 
    from
        children c1_0 
    where
        c1_0.user_id=? 
        and c1_0.name=? 
    fetch
        first ? rows only
Hibernate: 
    select
        c1_0.id,
        c1_0.birth_date,
        c1_0.created_at,
        c1_0.gender,
        c1_0.memo,
        c1_0.name,
        c1_0.status,
        c1_0.updated_at,
        c1_0.user_id 
    from
        children c1_0 
    where
        c1_0.user_id=? 
        and c1_0.name=? 
    fetch
        first ? rows only
Hibernate: 
    select
        c1_0.id,
        c1_0.birth_date,
        c1_0.created_at,
        c1_0.gender,
        c1_0.memo,
        c1_0.name,
        c1_0.status,
        c1_0.updated_at,
        c1_0.user_id 
    from
        children c1_0 
    where
        c1_0.user_id=? 
        and c1_0.name=? 
    fetch
        first ? rows only
Hibernate: 
    select
        c1_0.id,
        c1_0.birth_date,
        c1_0.created_at,
        c1_0.gender,
        c1_0.memo,
        c1_0.name,
        c1_0.status,
        c1_0.updated_at,
        c1_0.user_id 
    from
        children c1_0 
    where
        c1_0.user_id=? 
        and c1_0.name=? 
    fetch
        first ? rows only
Hibernate: 
    select
        c1_0.id,
        c1_0.birth_date,
        c1_0.created_at,
        c1_0.gender,
        c1_0.memo,
        c1_0.name,
        c1_0.status,
        c1_0.updated_at,
        c1_0.user_id 
    from
        children c1_0 
    where
        c1_0.user_id=? 
        and c1_0.name=? 
    fetch
        first ? rows only
Hibernate: 
    select
        c1_0.id,
        c1_0.birth_date,
        c1_0.created_at,
        c1_0.gender,
        c1_0.memo,
        c1_0.name,
        c1_0.status,
        c1_0.updated_at,
        c1_0.user_id 
    from
        children c1_0 
    where
        c1_0.user_id=? 
        and c1_0.name=? 
    fetch
        first ? rows only
Hibernate: 
    select
        c1_0.id,
        c1_0.birth_date,
        c1_0.created_at,
        c1_0.gender,
        c1_0.memo,
        c1_0.name,
        c1_0.status,
        c1_0.updated_at,
        c1_0.user_id 
    from
        children c1_0 
    where
        c1_0.user_id=? 
        and c1_0.name=? 
    fetch
        first ? rows only
Hibernate: 
    select
        c1_0.id,
        c1_0.birth_date,
        c1_0.created_at,
        c1_0.gender,
        c1_0.memo,
        c1_0.name,
        c1_0.status,
        c1_0.updated_at,
        c1_0.user_id 
    from
        children c1_0 
    where
        c1_0.user_id=? 
        and c1_0.name=? 
    fetch
        first ? rows only
Hibernate: 
    select
        c1_0.id,
        c1_0.birth_date,
        c1_0.created_at,
        c1_0.gender,
        c1_0.memo,
        c1_0.name,
        c1_0.status,
        c1_0.updated_at,
        c1_0.user_id 
    from
        children c1_0 
    where
        c1_0.user_id=? 
        and c1_0.name=? 
    fetch
        first ? rows only
Hibernate: 
    select
        c1_0.id,
        c1_0.birth_date,
        c1_0.created_at,
        c1_0.gender,
        c1_0.memo,
        c1_0.name,
        c1_0.status,
        c1_0.updated_at,
        c1_0.user_id 
    from
        children c1_0 
    where
        c1_0.user_id=? 
        and c1_0.name=? 
    fetch
        first ? rows only
Hibernate: 
    select
        c1_0.id,
        c1_0.birth_date,
        c1_0.created_at,
        c1_0.gender,
        c1_0.memo,
        c1_0.name,
        c1_0.status,
        c1_0.updated_at,
        c1_0.user_id 
    from
        children c1_0 
    where
        c1_0.user_id=? 
        and c1_0.name=? 
    fetch
        first ? rows only
Hibernate: 
    insert 
    into
        montessori_records
        (activity_plan_id, area, child_id, child_name_raw, confirmed, material) 
    values
        (?, ?, ?, ?, ?, ?)
Hibernate: 
    insert 
    into
        montessori_records
        (activity_plan_id, area, child_id, child_name_raw, confirmed, material) 
    values
        (?, ?, ?, ?, ?, ?)
Hibernate: 
    insert 
    into
        montessori_records
        (activity_plan_id, area, child_id, child_name_raw, confirmed, material) 
    values
        (?, ?, ?, ?, ?, ?)
Hibernate: 
    insert 
    into
        montessori_records
        (activity_plan_id, area, child_id, child_name_raw, confirmed, material) 
    values
        (?, ?, ?, ?, ?, ?)
Hibernate: 
    insert 
    into
        montessori_records
        (activity_plan_id, area, child_id, child_name_raw, confirmed, material) 
    values
        (?, ?, ?, ?, ?, ?)
Hibernate: 
    insert 
    into
        montessori_records
        (activity_plan_id, area, child_id, child_name_raw, confirmed, material) 
    values
        (?, ?, ?, ?, ?, ?)
Hibernate: 
    insert 
    into
        montessori_records
        (activity_plan_id, area, child_id, child_name_raw, confirmed, material) 
    values
        (?, ?, ?, ?, ?, ?)
Hibernate: 
    insert 
    into
        montessori_records
        (activity_plan_id, area, child_id, child_name_raw, confirmed, material) 
    values
        (?, ?, ?, ?, ?, ?)
Hibernate: 
    insert 
    into
        montessori_records
        (activity_plan_id, area, child_id, child_name_raw, confirmed, material) 
    values
        (?, ?, ?, ?, ?, ?)
Hibernate: 
    insert 
    into
        montessori_records
        (activity_plan_id, area, child_id, child_name_raw, confirmed, material) 
    values
        (?, ?, ?, ?, ?, ?)
Hibernate: 
    insert 
    into
        montessori_records
        (activity_plan_id, area, child_id, child_name_raw, confirmed, material) 
    values
        (?, ?, ?, ?, ?, ?)
Hibernate: 
    insert 
    into
        montessori_records
        (activity_plan_id, area, child_id, child_name_raw, confirmed, material) 
    values
        (?, ?, ?, ?, ?, ?)
Hibernate: 
    insert 
    into
        montessori_records
        (activity_plan_id, area, child_id, child_name_raw, confirmed, material) 
    values
        (?, ?, ?, ?, ?, ?)
Hibernate: 
    insert 
    into
        montessori_records
        (activity_plan_id, area, child_id, child_name_raw, confirmed, material) 
    values
        (?, ?, ?, ?, ?, ?)
Hibernate: 
    insert 
    into
        montessori_records
        (activity_plan_id, area, child_id, child_name_raw, confirmed, material) 
    values
        (?, ?, ?, ?, ?, ?)
Hibernate: 
    insert 
    into
        montessori_records
        (activity_plan_id, area, child_id, child_name_raw, confirmed, material) 
    values
        (?, ?, ?, ?, ?, ?)
Hibernate: 
    insert 
    into
        montessori_records
        (activity_plan_id, area, child_id, child_name_raw, confirmed, material) 
    values
        (?, ?, ?, ?, ?, ?)
Hibernate: 
    select
        u1_0.id,
        u1_0.created_at,
        u1_0.email,
        u1_0.name,
        u1_0.password,
        u1_0.school_code,
        u1_0.school_name,
        u1_0.school_type,
        u1_0.updated_at 
    from
        users u1_0 
    where
        u1_0.email=?
Hibernate: 
    select
        rt1_0.id,
        rt1_0.created_at,
        rt1_0.email,
        rt1_0.expires_at,
        rt1_0.token 
    from
        refresh_token rt1_0 
    where
        rt1_0.email=?
2026-06-01T00:48:41.242+09:00  INFO 29428 --- [teachers-drawer] [nio-8080-exec-8] c.t.b.domain.auth.service.AuthService    : 濡쒓렇???깃났: test@test.com
Hibernate: 
    update
        refresh_token 
    set
        email=?,
        expires_at=?,
        token=? 
    where
        id=?
Hibernate: 
    select
        u1_0.id,
        u1_0.created_at,
        u1_0.email,
        u1_0.name,
        u1_0.password,
        u1_0.school_code,
        u1_0.school_name,
        u1_0.school_type,
        u1_0.updated_at 
    from
        users u1_0 
    where
        u1_0.email=?
Hibernate: 
    select
        ap1_0.id,
        ap1_0.class_day_count,
        ap1_0.class_name_raw,
        ap1_0.class_time_raw,
        ap1_0.classroom_id,
        ap1_0.created_at,
        ap1_0.file_key,
        ap1_0.file_name,
        ap1_0.plan_date,
        ap1_0.raw_json,
        ap1_0.subject,
        ap1_0.teacher_name,
        ap1_0.updated_at,
        ap1_0.user_id 
    from
        activity_plans ap1_0 
    where
        ap1_0.id=?
Hibernate: 
    select
        as1_0.id,
        as1_0.activity_plan_id,
        as1_0.category,
        as1_0.content,
        as1_0.label,
        as1_0.order_index 
    from
        activity_sections as1_0 
    where
        as1_0.activity_plan_id=? 
    order by
        as1_0.order_index
Hibernate: 
    select
        mr1_0.id,
        mr1_0.activity_plan_id,
        mr1_0.area,
        mr1_0.child_id,
        mr1_0.child_name_raw,
        mr1_0.confirmed,
        mr1_0.material 
    from
        montessori_records mr1_0 
    where
        mr1_0.activity_plan_id=?
Hibernate: 
    select
        u1_0.id,
        u1_0.created_at,
        u1_0.email,
        u1_0.name,
        u1_0.password,
        u1_0.school_code,
        u1_0.school_name,
        u1_0.school_type,
        u1_0.updated_at 
    from
        users u1_0 
    where
        u1_0.email=?
Hibernate: 
    select
        rt1_0.id,
        rt1_0.created_at,
        rt1_0.email,
        rt1_0.expires_at,
        rt1_0.token 
    from
        refresh_token rt1_0 
    where
        rt1_0.email=?
2026-06-01T00:50:53.181+09:00  INFO 29428 --- [teachers-drawer] [nio-8080-exec-2] c.t.b.domain.auth.service.AuthService    : 濡쒓렇???깃났: test@test.com
Hibernate: 
    update
        refresh_token 
    set
        email=?,
        expires_at=?,
        token=? 
    where
        id=?
Hibernate: 
    select
        u1_0.id,
        u1_0.created_at,
        u1_0.email,
        u1_0.name,
        u1_0.password,
        u1_0.school_code,
        u1_0.school_name,
        u1_0.school_type,
        u1_0.updated_at 
    from
        users u1_0 
    where
        u1_0.email=?
Hibernate: 
    select
        u1_0.id,
        u1_0.created_at,
        u1_0.email,
        u1_0.name,
        u1_0.password,
        u1_0.school_code,
        u1_0.school_name,
        u1_0.school_type,
        u1_0.updated_at 
    from
        users u1_0 
    where
        u1_0.id=?
Hibernate: 
    insert 
    into
        children
        (birth_date, created_at, gender, memo, name, status, updated_at, user_id) 
    values
        (?, ?, ?, ?, ?, ?, ?, ?)
Hibernate: 
    select
        u1_0.id,
        u1_0.created_at,
        u1_0.email,
        u1_0.name,
        u1_0.password,
        u1_0.school_code,
        u1_0.school_name,
        u1_0.school_type,
        u1_0.updated_at 
    from
        users u1_0 
    where
        u1_0.email=?
Hibernate: 
    select
        u1_0.id,
        u1_0.created_at,
        u1_0.email,
        u1_0.name,
        u1_0.password,
        u1_0.school_code,
        u1_0.school_name,
        u1_0.school_type,
        u1_0.updated_at 
    from
        users u1_0 
    where
        u1_0.id=?
Hibernate: 
    insert 
    into
        children
        (birth_date, created_at, gender, memo, name, status, updated_at, user_id) 
    values
        (?, ?, ?, ?, ?, ?, ?, ?)
Hibernate: 
    select
        u1_0.id,
        u1_0.created_at,
        u1_0.email,
        u1_0.name,
        u1_0.password,
        u1_0.school_code,
        u1_0.school_name,
        u1_0.school_type,
        u1_0.updated_at 
    from
        users u1_0 
    where
        u1_0.email=?
Hibernate: 
    select
        u1_0.id,
        u1_0.created_at,
        u1_0.email,
        u1_0.name,
        u1_0.password,
        u1_0.school_code,
        u1_0.school_name,
        u1_0.school_type,
        u1_0.updated_at 
    from
        users u1_0 
    where
        u1_0.id=?
Hibernate: 
    insert 
    into
        children
        (birth_date, created_at, gender, memo, name, status, updated_at, user_id) 
    values
        (?, ?, ?, ?, ?, ?, ?, ?)
Hibernate: 
    select
        u1_0.id,
        u1_0.created_at,
        u1_0.email,
        u1_0.name,
        u1_0.password,
        u1_0.school_code,
        u1_0.school_name,
        u1_0.school_type,
        u1_0.updated_at 
    from
        users u1_0 
    where
        u1_0.email=?
Hibernate: 
    select
        rt1_0.id,
        rt1_0.created_at,
        rt1_0.email,
        rt1_0.expires_at,
        rt1_0.token 
    from
        refresh_token rt1_0 
    where
        rt1_0.email=?
2026-06-01T00:51:23.924+09:00  INFO 29428 --- [teachers-drawer] [nio-8080-exec-7] c.t.b.domain.auth.service.AuthService    : 濡쒓렇???깃났: test@test.com
Hibernate: 
    update
        refresh_token 
    set
        email=?,
        expires_at=?,
        token=? 
    where
        id=?
Hibernate: 
    select
        u1_0.id,
        u1_0.created_at,
        u1_0.email,
        u1_0.name,
        u1_0.password,
        u1_0.school_code,
        u1_0.school_name,
        u1_0.school_type,
        u1_0.updated_at 
    from
        users u1_0 
    where
        u1_0.email=?
Hibernate: 
    select
        c1_0.id,
        c1_0.created_at,
        c1_0.name,
        c1_0.status,
        c1_0.updated_at,
        c1_0.user_id,
        c1_0.year 
    from
        classrooms c1_0 
    where
        c1_0.id=?
Hibernate: 
    select
        u1_0.id,
        u1_0.created_at,
        u1_0.email,
        u1_0.name,
        u1_0.password,
        u1_0.school_code,
        u1_0.school_name,
        u1_0.school_type,
        u1_0.updated_at 
    from
        users u1_0 
    where
        u1_0.id=?
Hibernate: 
    insert 
    into
        activity_plans
        (class_day_count, class_name_raw, class_time_raw, classroom_id, created_at, file_key, file_name, plan_date, raw_json, subject, teacher_name, updated_at, user_id) 
    values
        (?, ?, ?, ?, ?, ?, ?, ?, ?, ?, ?, ?, ?)
Hibernate: 
    insert 
    into
        activity_sections
        (activity_plan_id, category, content, label, order_index) 
    values
        (?, ?, ?, ?, ?)
Hibernate: 
    insert 
    into
        activity_sections
        (activity_plan_id, category, content, label, order_index) 
    values
        (?, ?, ?, ?, ?)
Hibernate: 
    insert 
    into
        activity_sections
        (activity_plan_id, category, content, label, order_index) 
    values
        (?, ?, ?, ?, ?)
Hibernate: 
    insert 
    into
        activity_sections
        (activity_plan_id, category, content, label, order_index) 
    values
        (?, ?, ?, ?, ?)
Hibernate: 
    insert 
    into
        activity_sections
        (activity_plan_id, category, content, label, order_index) 
    values
        (?, ?, ?, ?, ?)
Hibernate: 
    insert 
    into
        activity_sections
        (activity_plan_id, category, content, label, order_index) 
    values
        (?, ?, ?, ?, ?)
Hibernate: 
    insert 
    into
        activity_sections
        (activity_plan_id, category, content, label, order_index) 
    values
        (?, ?, ?, ?, ?)
Hibernate: 
    insert 
    into
        activity_sections
        (activity_plan_id, category, content, label, order_index) 
    values
        (?, ?, ?, ?, ?)
Hibernate: 
    insert 
    into
        activity_sections
        (activity_plan_id, category, content, label, order_index) 
    values
        (?, ?, ?, ?, ?)
Hibernate: 
    insert 
    into
        activity_sections
        (activity_plan_id, category, content, label, order_index) 
    values
        (?, ?, ?, ?, ?)
Hibernate: 
    insert 
    into
        activity_sections
        (activity_plan_id, category, content, label, order_index) 
    values
        (?, ?, ?, ?, ?)
Hibernate: 
    select
        c1_0.id,
        c1_0.birth_date,
        c1_0.created_at,
        c1_0.gender,
        c1_0.memo,
        c1_0.name,
        c1_0.status,
        c1_0.updated_at,
        c1_0.user_id 
    from
        children c1_0 
    where
        c1_0.user_id=? 
        and c1_0.name=? 
    fetch
        first ? rows only
Hibernate: 
    select
        c1_0.id,
        c1_0.birth_date,
        c1_0.created_at,
        c1_0.gender,
        c1_0.memo,
        c1_0.name,
        c1_0.status,
        c1_0.updated_at,
        c1_0.user_id 
    from
        children c1_0 
    where
        c1_0.user_id=? 
        and c1_0.name=? 
    fetch
        first ? rows only
Hibernate: 
    select
        c1_0.id,
        c1_0.birth_date,
        c1_0.created_at,
        c1_0.gender,
        c1_0.memo,
        c1_0.name,
        c1_0.status,
        c1_0.updated_at,
        c1_0.user_id 
    from
        children c1_0 
    where
        c1_0.user_id=? 
        and c1_0.name=? 
    fetch
        first ? rows only
Hibernate: 
    select
        c1_0.id,
        c1_0.birth_date,
        c1_0.created_at,
        c1_0.gender,
        c1_0.memo,
        c1_0.name,
        c1_0.status,
        c1_0.updated_at,
        c1_0.user_id 
    from
        children c1_0 
    where
        c1_0.user_id=? 
        and c1_0.name=? 
    fetch
        first ? rows only
Hibernate: 
    select
        c1_0.id,
        c1_0.birth_date,
        c1_0.created_at,
        c1_0.gender,
        c1_0.memo,
        c1_0.name,
        c1_0.status,
        c1_0.updated_at,
        c1_0.user_id 
    from
        children c1_0 
    where
        c1_0.user_id=? 
        and c1_0.name=? 
    fetch
        first ? rows only
Hibernate: 
    select
        c1_0.id,
        c1_0.birth_date,
        c1_0.created_at,
        c1_0.gender,
        c1_0.memo,
        c1_0.name,
        c1_0.status,
        c1_0.updated_at,
        c1_0.user_id 
    from
        children c1_0 
    where
        c1_0.user_id=? 
        and c1_0.name=? 
    fetch
        first ? rows only
Hibernate: 
    select
        c1_0.id,
        c1_0.birth_date,
        c1_0.created_at,
        c1_0.gender,
        c1_0.memo,
        c1_0.name,
        c1_0.status,
        c1_0.updated_at,
        c1_0.user_id 
    from
        children c1_0 
    where
        c1_0.user_id=? 
        and c1_0.name=? 
    fetch
        first ? rows only
Hibernate: 
    select
        c1_0.id,
        c1_0.birth_date,
        c1_0.created_at,
        c1_0.gender,
        c1_0.memo,
        c1_0.name,
        c1_0.status,
        c1_0.updated_at,
        c1_0.user_id 
    from
        children c1_0 
    where
        c1_0.user_id=? 
        and c1_0.name=? 
    fetch
        first ? rows only
Hibernate: 
    select
        c1_0.id,
        c1_0.birth_date,
        c1_0.created_at,
        c1_0.gender,
        c1_0.memo,
        c1_0.name,
        c1_0.status,
        c1_0.updated_at,
        c1_0.user_id 
    from
        children c1_0 
    where
        c1_0.user_id=? 
        and c1_0.name=? 
    fetch
        first ? rows only
Hibernate: 
    select
        c1_0.id,
        c1_0.birth_date,
        c1_0.created_at,
        c1_0.gender,
        c1_0.memo,
        c1_0.name,
        c1_0.status,
        c1_0.updated_at,
        c1_0.user_id 
    from
        children c1_0 
    where
        c1_0.user_id=? 
        and c1_0.name=? 
    fetch
        first ? rows only
Hibernate: 
    select
        c1_0.id,
        c1_0.birth_date,
        c1_0.created_at,
        c1_0.gender,
        c1_0.memo,
        c1_0.name,
        c1_0.status,
        c1_0.updated_at,
        c1_0.user_id 
    from
        children c1_0 
    where
        c1_0.user_id=? 
        and c1_0.name=? 
    fetch
        first ? rows only
Hibernate: 
    select
        c1_0.id,
        c1_0.birth_date,
        c1_0.created_at,
        c1_0.gender,
        c1_0.memo,
        c1_0.name,
        c1_0.status,
        c1_0.updated_at,
        c1_0.user_id 
    from
        children c1_0 
    where
        c1_0.user_id=? 
        and c1_0.name=? 
    fetch
        first ? rows only
Hibernate: 
    select
        c1_0.id,
        c1_0.birth_date,
        c1_0.created_at,
        c1_0.gender,
        c1_0.memo,
        c1_0.name,
        c1_0.status,
        c1_0.updated_at,
        c1_0.user_id 
    from
        children c1_0 
    where
        c1_0.user_id=? 
        and c1_0.name=? 
    fetch
        first ? rows only
Hibernate: 
    select
        c1_0.id,
        c1_0.birth_date,
        c1_0.created_at,
        c1_0.gender,
        c1_0.memo,
        c1_0.name,
        c1_0.status,
        c1_0.updated_at,
        c1_0.user_id 
    from
        children c1_0 
    where
        c1_0.user_id=? 
        and c1_0.name=? 
    fetch
        first ? rows only
Hibernate: 
    select
        c1_0.id,
        c1_0.birth_date,
        c1_0.created_at,
        c1_0.gender,
        c1_0.memo,
        c1_0.name,
        c1_0.status,
        c1_0.updated_at,
        c1_0.user_id 
    from
        children c1_0 
    where
        c1_0.user_id=? 
        and c1_0.name=? 
    fetch
        first ? rows only
Hibernate: 
    select
        c1_0.id,
        c1_0.birth_date,
        c1_0.created_at,
        c1_0.gender,
        c1_0.memo,
        c1_0.name,
        c1_0.status,
        c1_0.updated_at,
        c1_0.user_id 
    from
        children c1_0 
    where
        c1_0.user_id=? 
        and c1_0.name=? 
    fetch
        first ? rows only
Hibernate: 
    select
        c1_0.id,
        c1_0.birth_date,
        c1_0.created_at,
        c1_0.gender,
        c1_0.memo,
        c1_0.name,
        c1_0.status,
        c1_0.updated_at,
        c1_0.user_id 
    from
        children c1_0 
    where
        c1_0.user_id=? 
        and c1_0.name=? 
    fetch
        first ? rows only
Hibernate: 
    insert 
    into
        montessori_records
        (activity_plan_id, area, child_id, child_name_raw, confirmed, material) 
    values
        (?, ?, ?, ?, ?, ?)
Hibernate: 
    insert 
    into
        montessori_records
        (activity_plan_id, area, child_id, child_name_raw, confirmed, material) 
    values
        (?, ?, ?, ?, ?, ?)
Hibernate: 
    insert 
    into
        montessori_records
        (activity_plan_id, area, child_id, child_name_raw, confirmed, material) 
    values
        (?, ?, ?, ?, ?, ?)
Hibernate: 
    insert 
    into
        montessori_records
        (activity_plan_id, area, child_id, child_name_raw, confirmed, material) 
    values
        (?, ?, ?, ?, ?, ?)
Hibernate: 
    insert 
    into
        montessori_records
        (activity_plan_id, area, child_id, child_name_raw, confirmed, material) 
    values
        (?, ?, ?, ?, ?, ?)
Hibernate: 
    insert 
    into
        montessori_records
        (activity_plan_id, area, child_id, child_name_raw, confirmed, material) 
    values
        (?, ?, ?, ?, ?, ?)
Hibernate: 
    insert 
    into
        montessori_records
        (activity_plan_id, area, child_id, child_name_raw, confirmed, material) 
    values
        (?, ?, ?, ?, ?, ?)
Hibernate: 
    insert 
    into
        montessori_records
        (activity_plan_id, area, child_id, child_name_raw, confirmed, material) 
    values
        (?, ?, ?, ?, ?, ?)
Hibernate: 
    insert 
    into
        montessori_records
        (activity_plan_id, area, child_id, child_name_raw, confirmed, material) 
    values
        (?, ?, ?, ?, ?, ?)
Hibernate: 
    insert 
    into
        montessori_records
        (activity_plan_id, area, child_id, child_name_raw, confirmed, material) 
    values
        (?, ?, ?, ?, ?, ?)
Hibernate: 
    insert 
    into
        montessori_records
        (activity_plan_id, area, child_id, child_name_raw, confirmed, material) 
    values
        (?, ?, ?, ?, ?, ?)
Hibernate: 
    insert 
    into
        montessori_records
        (activity_plan_id, area, child_id, child_name_raw, confirmed, material) 
    values
        (?, ?, ?, ?, ?, ?)
Hibernate: 
    insert 
    into
        montessori_records
        (activity_plan_id, area, child_id, child_name_raw, confirmed, material) 
    values
        (?, ?, ?, ?, ?, ?)
Hibernate: 
    insert 
    into
        montessori_records
        (activity_plan_id, area, child_id, child_name_raw, confirmed, material) 
    values
        (?, ?, ?, ?, ?, ?)
Hibernate: 
    insert 
    into
        montessori_records
        (activity_plan_id, area, child_id, child_name_raw, confirmed, material) 
    values
        (?, ?, ?, ?, ?, ?)
Hibernate: 
    insert 
    into
        montessori_records
        (activity_plan_id, area, child_id, child_name_raw, confirmed, material) 
    values
        (?, ?, ?, ?, ?, ?)
Hibernate: 
    insert 
    into
        montessori_records
        (activity_plan_id, area, child_id, child_name_raw, confirmed, material) 
    values
        (?, ?, ?, ?, ?, ?)
Hibernate: 
    select
        u1_0.id,
        u1_0.created_at,
        u1_0.email,
        u1_0.name,
        u1_0.password,
        u1_0.school_code,
        u1_0.school_name,
        u1_0.school_type,
        u1_0.updated_at 
    from
        users u1_0 
    where
        u1_0.email=?
Hibernate: 
    select
        c1_0.id,
        c1_0.created_at,
        c1_0.name,
        c1_0.status,
        c1_0.updated_at,
        c1_0.user_id,
        c1_0.year 
    from
        classrooms c1_0 
    where
        c1_0.id=?
Hibernate: 
    select
        u1_0.id,
        u1_0.created_at,
        u1_0.email,
        u1_0.name,
        u1_0.password,
        u1_0.school_code,
        u1_0.school_name,
        u1_0.school_type,
        u1_0.updated_at 
    from
        users u1_0 
    where
        u1_0.id=?
Hibernate: 
    insert 
    into
        activity_plans
        (class_day_count, class_name_raw, class_time_raw, classroom_id, created_at, file_key, file_name, plan_date, raw_json, subject, teacher_name, updated_at, user_id) 
    values
        (?, ?, ?, ?, ?, ?, ?, ?, ?, ?, ?, ?, ?)
Hibernate: 
    insert 
    into
        activity_sections
        (activity_plan_id, category, content, label, order_index) 
    values
        (?, ?, ?, ?, ?)
Hibernate: 
    insert 
    into
        activity_sections
        (activity_plan_id, category, content, label, order_index) 
    values
        (?, ?, ?, ?, ?)
Hibernate: 
    insert 
    into
        activity_sections
        (activity_plan_id, category, content, label, order_index) 
    values
        (?, ?, ?, ?, ?)
Hibernate: 
    insert 
    into
        activity_sections
        (activity_plan_id, category, content, label, order_index) 
    values
        (?, ?, ?, ?, ?)
Hibernate: 
    insert 
    into
        activity_sections
        (activity_plan_id, category, content, label, order_index) 
    values
        (?, ?, ?, ?, ?)
Hibernate: 
    insert 
    into
        activity_sections
        (activity_plan_id, category, content, label, order_index) 
    values
        (?, ?, ?, ?, ?)
Hibernate: 
    insert 
    into
        activity_sections
        (activity_plan_id, category, content, label, order_index) 
    values
        (?, ?, ?, ?, ?)
Hibernate: 
    insert 
    into
        activity_sections
        (activity_plan_id, category, content, label, order_index) 
    values
        (?, ?, ?, ?, ?)
Hibernate: 
    insert 
    into
        activity_sections
        (activity_plan_id, category, content, label, order_index) 
    values
        (?, ?, ?, ?, ?)
Hibernate: 
    insert 
    into
        activity_sections
        (activity_plan_id, category, content, label, order_index) 
    values
        (?, ?, ?, ?, ?)
Hibernate: 
    insert 
    into
        activity_sections
        (activity_plan_id, category, content, label, order_index) 
    values
        (?, ?, ?, ?, ?)
Hibernate: 
    select
        c1_0.id,
        c1_0.birth_date,
        c1_0.created_at,
        c1_0.gender,
        c1_0.memo,
        c1_0.name,
        c1_0.status,
        c1_0.updated_at,
        c1_0.user_id 
    from
        children c1_0 
    where
        c1_0.user_id=? 
        and c1_0.name=? 
    fetch
        first ? rows only
Hibernate: 
    select
        c1_0.id,
        c1_0.birth_date,
        c1_0.created_at,
        c1_0.gender,
        c1_0.memo,
        c1_0.name,
        c1_0.status,
        c1_0.updated_at,
        c1_0.user_id 
    from
        children c1_0 
    where
        c1_0.user_id=? 
        and c1_0.name=? 
    fetch
        first ? rows only
Hibernate: 
    select
        c1_0.id,
        c1_0.birth_date,
        c1_0.created_at,
        c1_0.gender,
        c1_0.memo,
        c1_0.name,
        c1_0.status,
        c1_0.updated_at,
        c1_0.user_id 
    from
        children c1_0 
    where
        c1_0.user_id=? 
        and c1_0.name=? 
    fetch
        first ? rows only
Hibernate: 
    select
        c1_0.id,
        c1_0.birth_date,
        c1_0.created_at,
        c1_0.gender,
        c1_0.memo,
        c1_0.name,
        c1_0.status,
        c1_0.updated_at,
        c1_0.user_id 
    from
        children c1_0 
    where
        c1_0.user_id=? 
        and c1_0.name=? 
    fetch
        first ? rows only
Hibernate: 
    select
        c1_0.id,
        c1_0.birth_date,
        c1_0.created_at,
        c1_0.gender,
        c1_0.memo,
        c1_0.name,
        c1_0.status,
        c1_0.updated_at,
        c1_0.user_id 
    from
        children c1_0 
    where
        c1_0.user_id=? 
        and c1_0.name=? 
    fetch
        first ? rows only
Hibernate: 
    select
        c1_0.id,
        c1_0.birth_date,
        c1_0.created_at,
        c1_0.gender,
        c1_0.memo,
        c1_0.name,
        c1_0.status,
        c1_0.updated_at,
        c1_0.user_id 
    from
        children c1_0 
    where
        c1_0.user_id=? 
        and c1_0.name=? 
    fetch
        first ? rows only
Hibernate: 
    select
        c1_0.id,
        c1_0.birth_date,
        c1_0.created_at,
        c1_0.gender,
        c1_0.memo,
        c1_0.name,
        c1_0.status,
        c1_0.updated_at,
        c1_0.user_id 
    from
        children c1_0 
    where
        c1_0.user_id=? 
        and c1_0.name=? 
    fetch
        first ? rows only
Hibernate: 
    select
        c1_0.id,
        c1_0.birth_date,
        c1_0.created_at,
        c1_0.gender,
        c1_0.memo,
        c1_0.name,
        c1_0.status,
        c1_0.updated_at,
        c1_0.user_id 
    from
        children c1_0 
    where
        c1_0.user_id=? 
        and c1_0.name=? 
    fetch
        first ? rows only
Hibernate: 
    select
        c1_0.id,
        c1_0.birth_date,
        c1_0.created_at,
        c1_0.gender,
        c1_0.memo,
        c1_0.name,
        c1_0.status,
        c1_0.updated_at,
        c1_0.user_id 
    from
        children c1_0 
    where
        c1_0.user_id=? 
        and c1_0.name=? 
    fetch
        first ? rows only
Hibernate: 
    select
        c1_0.id,
        c1_0.birth_date,
        c1_0.created_at,
        c1_0.gender,
        c1_0.memo,
        c1_0.name,
        c1_0.status,
        c1_0.updated_at,
        c1_0.user_id 
    from
        children c1_0 
    where
        c1_0.user_id=? 
        and c1_0.name=? 
    fetch
        first ? rows only
Hibernate: 
    select
        c1_0.id,
        c1_0.birth_date,
        c1_0.created_at,
        c1_0.gender,
        c1_0.memo,
        c1_0.name,
        c1_0.status,
        c1_0.updated_at,
        c1_0.user_id 
    from
        children c1_0 
    where
        c1_0.user_id=? 
        and c1_0.name=? 
    fetch
        first ? rows only
Hibernate: 
    select
        c1_0.id,
        c1_0.birth_date,
        c1_0.created_at,
        c1_0.gender,
        c1_0.memo,
        c1_0.name,
        c1_0.status,
        c1_0.updated_at,
        c1_0.user_id 
    from
        children c1_0 
    where
        c1_0.user_id=? 
        and c1_0.name=? 
    fetch
        first ? rows only
Hibernate: 
    select
        c1_0.id,
        c1_0.birth_date,
        c1_0.created_at,
        c1_0.gender,
        c1_0.memo,
        c1_0.name,
        c1_0.status,
        c1_0.updated_at,
        c1_0.user_id 
    from
        children c1_0 
    where
        c1_0.user_id=? 
        and c1_0.name=? 
    fetch
        first ? rows only
Hibernate: 
    select
        c1_0.id,
        c1_0.birth_date,
        c1_0.created_at,
        c1_0.gender,
        c1_0.memo,
        c1_0.name,
        c1_0.status,
        c1_0.updated_at,
        c1_0.user_id 
    from
        children c1_0 
    where
        c1_0.user_id=? 
        and c1_0.name=? 
    fetch
        first ? rows only
Hibernate: 
    select
        c1_0.id,
        c1_0.birth_date,
        c1_0.created_at,
        c1_0.gender,
        c1_0.memo,
        c1_0.name,
        c1_0.status,
        c1_0.updated_at,
        c1_0.user_id 
    from
        children c1_0 
    where
        c1_0.user_id=? 
        and c1_0.name=? 
    fetch
        first ? rows only
Hibernate: 
    select
        c1_0.id,
        c1_0.birth_date,
        c1_0.created_at,
        c1_0.gender,
        c1_0.memo,
        c1_0.name,
        c1_0.status,
        c1_0.updated_at,
        c1_0.user_id 
    from
        children c1_0 
    where
        c1_0.user_id=? 
        and c1_0.name=? 
    fetch
        first ? rows only
Hibernate: 
    select
        c1_0.id,
        c1_0.birth_date,
        c1_0.created_at,
        c1_0.gender,
        c1_0.memo,
        c1_0.name,
        c1_0.status,
        c1_0.updated_at,
        c1_0.user_id 
    from
        children c1_0 
    where
        c1_0.user_id=? 
        and c1_0.name=? 
    fetch
        first ? rows only
Hibernate: 
    select
        c1_0.id,
        c1_0.birth_date,
        c1_0.created_at,
        c1_0.gender,
        c1_0.memo,
        c1_0.name,
        c1_0.status,
        c1_0.updated_at,
        c1_0.user_id 
    from
        children c1_0 
    where
        c1_0.user_id=? 
        and c1_0.name=? 
    fetch
        first ? rows only
Hibernate: 
    select
        c1_0.id,
        c1_0.birth_date,
        c1_0.created_at,
        c1_0.gender,
        c1_0.memo,
        c1_0.name,
        c1_0.status,
        c1_0.updated_at,
        c1_0.user_id 
    from
        children c1_0 
    where
        c1_0.user_id=? 
        and c1_0.name=? 
    fetch
        first ? rows only
Hibernate: 
    insert 
    into
        montessori_records
        (activity_plan_id, area, child_id, child_name_raw, confirmed, material) 
    values
        (?, ?, ?, ?, ?, ?)
Hibernate: 
    insert 
    into
        montessori_records
        (activity_plan_id, area, child_id, child_name_raw, confirmed, material) 
    values
        (?, ?, ?, ?, ?, ?)
Hibernate: 
    insert 
    into
        montessori_records
        (activity_plan_id, area, child_id, child_name_raw, confirmed, material) 
    values
        (?, ?, ?, ?, ?, ?)
Hibernate: 
    insert 
    into
        montessori_records
        (activity_plan_id, area, child_id, child_name_raw, confirmed, material) 
    values
        (?, ?, ?, ?, ?, ?)
Hibernate: 
    insert 
    into
        montessori_records
        (activity_plan_id, area, child_id, child_name_raw, confirmed, material) 
    values
        (?, ?, ?, ?, ?, ?)
Hibernate: 
    insert 
    into
        montessori_records
        (activity_plan_id, area, child_id, child_name_raw, confirmed, material) 
    values
        (?, ?, ?, ?, ?, ?)
Hibernate: 
    insert 
    into
        montessori_records
        (activity_plan_id, area, child_id, child_name_raw, confirmed, material) 
    values
        (?, ?, ?, ?, ?, ?)
Hibernate: 
    insert 
    into
        montessori_records
        (activity_plan_id, area, child_id, child_name_raw, confirmed, material) 
    values
        (?, ?, ?, ?, ?, ?)
Hibernate: 
    insert 
    into
        montessori_records
        (activity_plan_id, area, child_id, child_name_raw, confirmed, material) 
    values
        (?, ?, ?, ?, ?, ?)
Hibernate: 
    insert 
    into
        montessori_records
        (activity_plan_id, area, child_id, child_name_raw, confirmed, material) 
    values
        (?, ?, ?, ?, ?, ?)
Hibernate: 
    insert 
    into
        montessori_records
        (activity_plan_id, area, child_id, child_name_raw, confirmed, material) 
    values
        (?, ?, ?, ?, ?, ?)
Hibernate: 
    insert 
    into
        montessori_records
        (activity_plan_id, area, child_id, child_name_raw, confirmed, material) 
    values
        (?, ?, ?, ?, ?, ?)
Hibernate: 
    insert 
    into
        montessori_records
        (activity_plan_id, area, child_id, child_name_raw, confirmed, material) 
    values
        (?, ?, ?, ?, ?, ?)
Hibernate: 
    insert 
    into
        montessori_records
        (activity_plan_id, area, child_id, child_name_raw, confirmed, material) 
    values
        (?, ?, ?, ?, ?, ?)
Hibernate: 
    insert 
    into
        montessori_records
        (activity_plan_id, area, child_id, child_name_raw, confirmed, material) 
    values
        (?, ?, ?, ?, ?, ?)
Hibernate: 
    insert 
    into
        montessori_records
        (activity_plan_id, area, child_id, child_name_raw, confirmed, material) 
    values
        (?, ?, ?, ?, ?, ?)
Hibernate: 
    insert 
    into
        montessori_records
        (activity_plan_id, area, child_id, child_name_raw, confirmed, material) 
    values
        (?, ?, ?, ?, ?, ?)
Hibernate: 
    insert 
    into
        montessori_records
        (activity_plan_id, area, child_id, child_name_raw, confirmed, material) 
    values
        (?, ?, ?, ?, ?, ?)
Hibernate: 
    insert 
    into
        montessori_records
        (activity_plan_id, area, child_id, child_name_raw, confirmed, material) 
    values
        (?, ?, ?, ?, ?, ?)
Hibernate: 
    select
        u1_0.id,
        u1_0.created_at,
        u1_0.email,
        u1_0.name,
        u1_0.password,
        u1_0.school_code,
        u1_0.school_name,
        u1_0.school_type,
        u1_0.updated_at 
    from
        users u1_0 
    where
        u1_0.email=?
Hibernate: 
    select
        rt1_0.id,
        rt1_0.created_at,
        rt1_0.email,
        rt1_0.expires_at,
        rt1_0.token 
    from
        refresh_token rt1_0 
    where
        rt1_0.email=?
2026-06-01T00:51:42.554+09:00  INFO 29428 --- [teachers-drawer] [nio-8080-exec-1] c.t.b.domain.auth.service.AuthService    : 濡쒓렇???깃났: test@test.com
Hibernate: 
    update
        refresh_token 
    set
        email=?,
        expires_at=?,
        token=? 
    where
        id=?
Hibernate: 
    select
        u1_0.id,
        u1_0.created_at,
        u1_0.email,
        u1_0.name,
        u1_0.password,
        u1_0.school_code,
        u1_0.school_name,
        u1_0.school_type,
        u1_0.updated_at 
    from
        users u1_0 
    where
        u1_0.email=?
Hibernate: 
    select
        ap1_0.id,
        ap1_0.class_day_count,
        ap1_0.class_name_raw,
        ap1_0.class_time_raw,
        ap1_0.classroom_id,
        ap1_0.created_at,
        ap1_0.file_key,
        ap1_0.file_name,
        ap1_0.plan_date,
        ap1_0.raw_json,
        ap1_0.subject,
        ap1_0.teacher_name,
        ap1_0.updated_at,
        ap1_0.user_id 
    from
        activity_plans ap1_0 
    where
        ap1_0.user_id=? 
    order by
        ap1_0.plan_date desc
Hibernate: 
    select
        u1_0.id,
        u1_0.created_at,
        u1_0.email,
        u1_0.name,
        u1_0.password,
        u1_0.school_code,
        u1_0.school_name,
        u1_0.school_type,
        u1_0.updated_at 
    from
        users u1_0 
    where
        u1_0.email=?
Hibernate: 
    select
        ap1_0.id,
        ap1_0.class_day_count,
        ap1_0.class_name_raw,
        ap1_0.class_time_raw,
        ap1_0.classroom_id,
        ap1_0.created_at,
        ap1_0.file_key,
        ap1_0.file_name,
        ap1_0.plan_date,
        ap1_0.raw_json,
        ap1_0.subject,
        ap1_0.teacher_name,
        ap1_0.updated_at,
        ap1_0.user_id 
    from
        activity_plans ap1_0 
    where
        ap1_0.id=?
Hibernate: 
    select
        as1_0.id,
        as1_0.activity_plan_id,
        as1_0.category,
        as1_0.content,
        as1_0.label,
        as1_0.order_index 
    from
        activity_sections as1_0 
    where
        as1_0.activity_plan_id=? 
    order by
        as1_0.order_index
Hibernate: 
    select
        mr1_0.id,
        mr1_0.activity_plan_id,
        mr1_0.area,
        mr1_0.child_id,
        mr1_0.child_name_raw,
        mr1_0.confirmed,
        mr1_0.material 
    from
        montessori_records mr1_0 
    where
        mr1_0.activity_plan_id=?
Hibernate: 
    select
        u1_0.id,
        u1_0.created_at,
        u1_0.email,
        u1_0.name,
        u1_0.password,
        u1_0.school_code,
        u1_0.school_name,
        u1_0.school_type,
        u1_0.updated_at 
    from
        users u1_0 
    where
        u1_0.email=?
Hibernate: 
    select
        c1_0.id,
        c1_0.birth_date,
        c1_0.created_at,
        c1_0.gender,
        c1_0.memo,
        c1_0.name,
        c1_0.status,
        c1_0.updated_at,
        c1_0.user_id 
    from
        children c1_0 
    where
        c1_0.id=?
Hibernate: 
    select
        mr1_0.id,
        mr1_0.activity_plan_id,
        mr1_0.area,
        mr1_0.child_id,
        mr1_0.child_name_raw,
        mr1_0.confirmed,
        mr1_0.material 
    from
        montessori_records mr1_0 
    left join
        activity_plans ap1_0 
            on ap1_0.id=mr1_0.activity_plan_id 
    where
        mr1_0.child_id=? 
    order by
        ap1_0.plan_date desc
Hibernate: 
    select
        ap1_0.id,
        ap1_0.class_day_count,
        ap1_0.class_name_raw,
        ap1_0.class_time_raw,
        ap1_0.classroom_id,
        ap1_0.created_at,
        ap1_0.file_key,
        ap1_0.file_name,
        ap1_0.plan_date,
        ap1_0.raw_json,
        ap1_0.subject,
        ap1_0.teacher_name,
        ap1_0.updated_at,
        ap1_0.user_id 
    from
        activity_plans ap1_0 
    where
        ap1_0.id=?
Hibernate: 
    select
        ap1_0.id,
        ap1_0.class_day_count,
        ap1_0.class_name_raw,
        ap1_0.class_time_raw,
        ap1_0.classroom_id,
        ap1_0.created_at,
        ap1_0.file_key,
        ap1_0.file_name,
        ap1_0.plan_date,
        ap1_0.raw_json,
        ap1_0.subject,
        ap1_0.teacher_name,
        ap1_0.updated_at,
        ap1_0.user_id 
    from
        activity_plans ap1_0 
    where
        ap1_0.id=?
Hibernate: 
    select
        u1_0.id,
        u1_0.created_at,
        u1_0.email,
        u1_0.name,
        u1_0.password,
        u1_0.school_code,
        u1_0.school_name,
        u1_0.school_type,
        u1_0.updated_at 
    from
        users u1_0 
    where
        u1_0.email=?
Hibernate: 
    select
        rt1_0.id,
        rt1_0.created_at,
        rt1_0.email,
        rt1_0.expires_at,
        rt1_0.token 
    from
        refresh_token rt1_0 
    where
        rt1_0.email=?
2026-06-01T00:51:51.905+09:00  INFO 29428 --- [teachers-drawer] [nio-8080-exec-8] c.t.b.domain.auth.service.AuthService    : 濡쒓렇???깃났: test@test.com
Hibernate: 
    update
        refresh_token 
    set
        email=?,
        expires_at=?,
        token=? 
    where
        id=?
Hibernate: 
    select
        u1_0.id,
        u1_0.created_at,
        u1_0.email,
        u1_0.name,
        u1_0.password,
        u1_0.school_code,
        u1_0.school_name,
        u1_0.school_type,
        u1_0.updated_at 
    from
        users u1_0 
    where
        u1_0.email=?
Hibernate: 
    select
        ap1_0.id,
        ap1_0.class_day_count,
        ap1_0.class_name_raw,
        ap1_0.class_time_raw,
        ap1_0.classroom_id,
        ap1_0.created_at,
        ap1_0.file_key,
        ap1_0.file_name,
        ap1_0.plan_date,
        ap1_0.raw_json,
        ap1_0.subject,
        ap1_0.teacher_name,
        ap1_0.updated_at,
        ap1_0.user_id 
    from
        activity_plans ap1_0 
    where
        ap1_0.id=?
Hibernate: 
    select
        u1_0.id,
        u1_0.created_at,
        u1_0.email,
        u1_0.name,
        u1_0.password,
        u1_0.school_code,
        u1_0.school_name,
        u1_0.school_type,
        u1_0.updated_at 
    from
        users u1_0 
    where
        u1_0.email=?
Hibernate: 
    select
        rt1_0.id,
        rt1_0.created_at,
        rt1_0.email,
        rt1_0.expires_at,
        rt1_0.token 
    from
        refresh_token rt1_0 
    where
        rt1_0.email=?
2026-06-01T00:52:00.887+09:00  INFO 29428 --- [teachers-drawer] [nio-8080-exec-2] c.t.b.domain.auth.service.AuthService    : 濡쒓렇???깃났: test@test.com
Hibernate: 
    update
        refresh_token 
    set
        email=?,
        expires_at=?,
        token=? 
    where
        id=?
Hibernate: 
    select
        u1_0.id,
        u1_0.created_at,
        u1_0.email,
        u1_0.name,
        u1_0.password,
        u1_0.school_code,
        u1_0.school_name,
        u1_0.school_type,
        u1_0.updated_at 
    from
        users u1_0 
    where
        u1_0.email=?
Hibernate: 
    select
        ap1_0.id,
        ap1_0.class_day_count,
        ap1_0.class_name_raw,
        ap1_0.class_time_raw,
        ap1_0.classroom_id,
        ap1_0.created_at,
        ap1_0.file_key,
        ap1_0.file_name,
        ap1_0.plan_date,
        ap1_0.raw_json,
        ap1_0.subject,
        ap1_0.teacher_name,
        ap1_0.updated_at,
        ap1_0.user_id 
    from
        activity_plans ap1_0 
    where
        ap1_0.id=?
Hibernate: 
    select
        mr1_0.id,
        mr1_0.activity_plan_id,
        mr1_0.area,
        mr1_0.child_id,
        mr1_0.child_name_raw,
        mr1_0.confirmed,
        mr1_0.material 
    from
        montessori_records mr1_0 
    where
        mr1_0.activity_plan_id=?
Hibernate: 
    select
        as1_0.id,
        as1_0.activity_plan_id,
        as1_0.category,
        as1_0.content,
        as1_0.label,
        as1_0.order_index 
    from
        activity_sections as1_0 
    where
        as1_0.activity_plan_id=? 
    order by
        as1_0.order_index
Hibernate: 
    delete 
    from
        montessori_records 
    where
        id=?
Hibernate: 
    delete 
    from
        montessori_records 
    where
        id=?
Hibernate: 
    delete 
    from
        montessori_records 
    where
        id=?
Hibernate: 
    delete 
    from
        montessori_records 
    where
        id=?
Hibernate: 
    delete 
    from
        montessori_records 
    where
        id=?
Hibernate: 
    delete 
    from
        montessori_records 
    where
        id=?
Hibernate: 
    delete 
    from
        montessori_records 
    where
        id=?
Hibernate: 
    delete 
    from
        montessori_records 
    where
        id=?
Hibernate: 
    delete 
    from
        montessori_records 
    where
        id=?
Hibernate: 
    delete 
    from
        montessori_records 
    where
        id=?
Hibernate: 
    delete 
    from
        montessori_records 
    where
        id=?
Hibernate: 
    delete 
    from
        montessori_records 
    where
        id=?
Hibernate: 
    delete 
    from
        montessori_records 
    where
        id=?
Hibernate: 
    delete 
    from
        montessori_records 
    where
        id=?
Hibernate: 
    delete 
    from
        montessori_records 
    where
        id=?
Hibernate: 
    delete 
    from
        montessori_records 
    where
        id=?
Hibernate: 
    delete 
    from
        montessori_records 
    where
        id=?
Hibernate: 
    delete 
    from
        activity_sections 
    where
        id=?
Hibernate: 
    delete 
    from
        activity_sections 
    where
        id=?
Hibernate: 
    delete 
    from
        activity_sections 
    where
        id=?
Hibernate: 
    delete 
    from
        activity_sections 
    where
        id=?
Hibernate: 
    delete 
    from
        activity_sections 
    where
        id=?
Hibernate: 
    delete 
    from
        activity_sections 
    where
        id=?
Hibernate: 
    delete 
    from
        activity_sections 
    where
        id=?
Hibernate: 
    delete 
    from
        activity_sections 
    where
        id=?
Hibernate: 
    delete 
    from
        activity_sections 
    where
        id=?
Hibernate: 
    delete 
    from
        activity_sections 
    where
        id=?
Hibernate: 
    delete 
    from
        activity_sections 
    where
        id=?
Hibernate: 
    delete 
    from
        activity_plans 
    where
        id=?
Hibernate: 
    select
        u1_0.id,
        u1_0.created_at,
        u1_0.email,
        u1_0.name,
        u1_0.password,
        u1_0.school_code,
        u1_0.school_name,
        u1_0.school_type,
        u1_0.updated_at 
    from
        users u1_0 
    where
        u1_0.email=?
Hibernate: 
    select
        ap1_0.id,
        ap1_0.class_day_count,
        ap1_0.class_name_raw,
        ap1_0.class_time_raw,
        ap1_0.classroom_id,
        ap1_0.created_at,
        ap1_0.file_key,
        ap1_0.file_name,
        ap1_0.plan_date,
        ap1_0.raw_json,
        ap1_0.subject,
        ap1_0.teacher_name,
        ap1_0.updated_at,
        ap1_0.user_id 
    from
        activity_plans ap1_0 
    where
        ap1_0.user_id=? 
    order by
        ap1_0.plan_date desc
Hibernate: 
    select
        u1_0.id,
        u1_0.created_at,
        u1_0.email,
        u1_0.name,
        u1_0.password,
        u1_0.school_code,
        u1_0.school_name,
        u1_0.school_type,
        u1_0.updated_at 
    from
        users u1_0 
    where
        u1_0.email=?
Hibernate: 
    select
        rt1_0.id,
        rt1_0.created_at,
        rt1_0.email,
        rt1_0.expires_at,
        rt1_0.token 
    from
        refresh_token rt1_0 
    where
        rt1_0.email=?
2026-06-01T00:59:22.371+09:00  INFO 29428 --- [teachers-drawer] [nio-8080-exec-7] c.t.b.domain.auth.service.AuthService    : 濡쒓렇???깃났: test@test.com
Hibernate: 
    update
        refresh_token 
    set
        email=?,
        expires_at=?,
        token=? 
    where
        id=?
Hibernate: 
    select
        u1_0.id,
        u1_0.created_at,
        u1_0.email,
        u1_0.name,
        u1_0.password,
        u1_0.school_code,
        u1_0.school_name,
        u1_0.school_type,
        u1_0.updated_at 
    from
        users u1_0 
    where
        u1_0.email=?
Hibernate: 
    select
        ap1_0.id,
        ap1_0.class_day_count,
        ap1_0.class_name_raw,
        ap1_0.class_time_raw,
        ap1_0.classroom_id,
        ap1_0.created_at,
        ap1_0.file_key,
        ap1_0.file_name,
        ap1_0.plan_date,
        ap1_0.raw_json,
        ap1_0.subject,
        ap1_0.teacher_name,
        ap1_0.updated_at,
        ap1_0.user_id 
    from
        activity_plans ap1_0 
    where
        ap1_0.id=?
Hibernate: 
    select
        mr1_0.id,
        mr1_0.activity_plan_id,
        mr1_0.area,
        mr1_0.child_id,
        mr1_0.child_name_raw,
        mr1_0.confirmed,
        mr1_0.material 
    from
        montessori_records mr1_0 
    where
        mr1_0.activity_plan_id=?
Hibernate: 
    select
        as1_0.id,
        as1_0.activity_plan_id,
        as1_0.category,
        as1_0.content,
        as1_0.label,
        as1_0.order_index 
    from
        activity_sections as1_0 
    where
        as1_0.activity_plan_id=? 
    order by
        as1_0.order_index
Hibernate: 
    delete 
    from
        montessori_records 
    where
        id=?
Hibernate: 
    delete 
    from
        montessori_records 
    where
        id=?
Hibernate: 
    delete 
    from
        montessori_records 
    where
        id=?
Hibernate: 
    delete 
    from
        montessori_records 
    where
        id=?
Hibernate: 
    delete 
    from
        montessori_records 
    where
        id=?
Hibernate: 
    delete 
    from
        montessori_records 
    where
        id=?
Hibernate: 
    delete 
    from
        montessori_records 
    where
        id=?
Hibernate: 
    delete 
    from
        montessori_records 
    where
        id=?
Hibernate: 
    delete 
    from
        montessori_records 
    where
        id=?
Hibernate: 
    delete 
    from
        montessori_records 
    where
        id=?
Hibernate: 
    delete 
    from
        montessori_records 
    where
        id=?
Hibernate: 
    delete 
    from
        montessori_records 
    where
        id=?
Hibernate: 
    delete 
    from
        montessori_records 
    where
        id=?
Hibernate: 
    delete 
    from
        montessori_records 
    where
        id=?
Hibernate: 
    delete 
    from
        montessori_records 
    where
        id=?
Hibernate: 
    delete 
    from
        montessori_records 
    where
        id=?
Hibernate: 
    delete 
    from
        montessori_records 
    where
        id=?
Hibernate: 
    delete 
    from
        montessori_records 
    where
        id=?
Hibernate: 
    delete 
    from
        montessori_records 
    where
        id=?
Hibernate: 
    delete 
    from
        activity_sections 
    where
        id=?
Hibernate: 
    delete 
    from
        activity_sections 
    where
        id=?
Hibernate: 
    delete 
    from
        activity_sections 
    where
        id=?
Hibernate: 
    delete 
    from
        activity_sections 
    where
        id=?
Hibernate: 
    delete 
    from
        activity_sections 
    where
        id=?
Hibernate: 
    delete 
    from
        activity_sections 
    where
        id=?
Hibernate: 
    delete 
    from
        activity_sections 
    where
        id=?
Hibernate: 
    delete 
    from
        activity_sections 
    where
        id=?
Hibernate: 
    delete 
    from
        activity_sections 
    where
        id=?
Hibernate: 
    delete 
    from
        activity_sections 
    where
        id=?
Hibernate: 
    delete 
    from
        activity_sections 
    where
        id=?
Hibernate: 
    delete 
    from
        activity_plans 
    where
        id=?
2026-06-01T01:17:00.723+09:00  WARN 29428 --- [teachers-drawer] [l-1:housekeeper] com.zaxxer.hikari.pool.PoolBase          : HikariPool-1 - Failed to validate connection org.postgresql.jdbc.PgConnection@2e3dcd2 (This connection has been closed.). Possibly consider using a shorter maxLifetime value.
2026-06-01T01:17:02.659+09:00  WARN 29428 --- [teachers-drawer] [l-1:housekeeper] com.zaxxer.hikari.pool.PoolBase          : HikariPool-1 - Failed to validate connection org.postgresql.jdbc.PgConnection@6996f003 (This connection has been closed.). Possibly consider using a shorter maxLifetime value.
2026-06-01T01:17:04.661+09:00  WARN 29428 --- [teachers-drawer] [l-1:housekeeper] com.zaxxer.hikari.pool.PoolBase          : HikariPool-1 - Failed to validate connection org.postgresql.jdbc.PgConnection@6c1d8437 (This connection has been closed.). Possibly consider using a shorter maxLifetime value.
